Доказательство не верно начиная со строки 4
(1) P(x) (Предположение номер 1)
(2) (P(x)->(((A&B)->A)->P(x))) (Сх. акс. 1)
(3) (((A&B)->A)->P(x)) (M.P. (1, 2))
(4) (((A&B)->A)->@x(P(x))) (В строке 4 используется правило вывода по переменной x входящей свободно в предположение P(x))
(5) ((A&B)->A) (Сх. акс. 4)
(6) @x(P(x)) (M.P. (5, 4))
