Доказательство не верно начиная со строки 2
(1) (@x(P(x))->P(x)) (Сх. акс. 11)
(2) ((@x(P(x))->P(x))->(!(P(x))->!(@x(P(x))))) (В строке 2 Выражение не может быть выведено)
(3) ((@x(P(x))->P(x))->((@x(P(x))->!(P(x)))->!(@x(P(x))))) (Сх. акс. 9)
(4) (((@x(P(x))->P(x))->((@x(P(x))->!(P(x)))->!(@x(P(x)))))->((@x(P(x))->P(x))->((@x(P(x))->P(x))->((@x(P(x))->!(P(x)))->!(@x(P(x))))))) (Сх. акс. 1)
(5) ((@x(P(x))->P(x))->((@x(P(x))->P(x))->((@x(P(x))->!(P(x)))->!(@x(P(x)))))) (M.P. (3, 4))
(6) (((@x(P(x))->P(x))->((@x(P(x))->!(P(x)))->!(@x(P(x)))))->(!(P(x))->((@x(P(x))->P(x))->((@x(P(x))->!(P(x)))->!(@x(P(x))))))) (Сх. акс. 1)
(7) ((((@x(P(x))->P(x))->((@x(P(x))->!(P(x)))->!(@x(P(x)))))->(!(P(x))->((@x(P(x))->P(x))->((@x(P(x))->!(P(x)))->!(@x(P(x)))))))->((@x(P(x))->P(x))->(((@x(P(x))->P(x))->((@x(P(x))->!(P(x)))->!(@x(P(x)))))->(!(P(x))->((@x(P(x))->P(x))->((@x(P(x))->!(P(x)))->!(@x(P(x))))))))) (Сх. акс. 1)
(8) ((@x(P(x))->P(x))->(((@x(P(x))->P(x))->((@x(P(x))->!(P(x)))->!(@x(P(x)))))->(!(P(x))->((@x(P(x))->P(x))->((@x(P(x))->!(P(x)))->!(@x(P(x)))))))) (M.P. (6, 7))
(9) (((@x(P(x))->P(x))->((@x(P(x))->P(x))->((@x(P(x))->!(P(x)))->!(@x(P(x))))))->(((@x(P(x))->P(x))->(((@x(P(x))->P(x))->((@x(P(x))->!(P(x)))->!(@x(P(x)))))->(!(P(x))->((@x(P(x))->P(x))->((@x(P(x))->!(P(x)))->!(@x(P(x))))))))->((@x(P(x))->P(x))->(!(P(x))->((@x(P(x))->P(x))->((@x(P(x))->!(P(x)))->!(@x(P(x))))))))) (Сх. акс. 2)
(10) (((@x(P(x))->P(x))->(((@x(P(x))->P(x))->((@x(P(x))->!(P(x)))->!(@x(P(x)))))->(!(P(x))->((@x(P(x))->P(x))->((@x(P(x))->!(P(x)))->!(@x(P(x))))))))->((@x(P(x))->P(x))->(!(P(x))->((@x(P(x))->P(x))->((@x(P(x))->!(P(x)))->!(@x(P(x)))))))) (M.P. (5, 9))
(11) ((@x(P(x))->P(x))->(!(P(x))->((@x(P(x))->P(x))->((@x(P(x))->!(P(x)))->!(@x(P(x))))))) (M.P. (8, 10))
(12) ((@x(P(x))->P(x))->((@x(P(x))->P(x))->(@x(P(x))->P(x)))) (Сх. акс. 1)
(13) ((@x(P(x))->P(x))->(((@x(P(x))->P(x))->(@x(P(x))->P(x)))->(@x(P(x))->P(x)))) (Сх. акс. 1)
(14) (((@x(P(x))->P(x))->((@x(P(x))->P(x))->(@x(P(x))->P(x))))->(((@x(P(x))->P(x))->(((@x(P(x))->P(x))->(@x(P(x))->P(x)))->(@x(P(x))->P(x))))->((@x(P(x))->P(x))->(@x(P(x))->P(x))))) (Сх. акс. 2)
(15) (((@x(P(x))->P(x))->(((@x(P(x))->P(x))->(@x(P(x))->P(x)))->(@x(P(x))->P(x))))->((@x(P(x))->P(x))->(@x(P(x))->P(x)))) (M.P. (12, 14))
(16) ((@x(P(x))->P(x))->(@x(P(x))->P(x))) (M.P. (13, 15))
(17) ((@x(P(x))->P(x))->(!(P(x))->(@x(P(x))->P(x)))) (Сх. акс. 1)
(18) (((@x(P(x))->P(x))->(!(P(x))->(@x(P(x))->P(x))))->((@x(P(x))->P(x))->((@x(P(x))->P(x))->(!(P(x))->(@x(P(x))->P(x)))))) (Сх. акс. 1)
(19) ((@x(P(x))->P(x))->((@x(P(x))->P(x))->(!(P(x))->(@x(P(x))->P(x))))) (M.P. (17, 18))
(20) (((@x(P(x))->P(x))->(@x(P(x))->P(x)))->(((@x(P(x))->P(x))->((@x(P(x))->P(x))->(!(P(x))->(@x(P(x))->P(x)))))->((@x(P(x))->P(x))->(!(P(x))->(@x(P(x))->P(x)))))) (Сх. акс. 2)
(21) (((@x(P(x))->P(x))->((@x(P(x))->P(x))->(!(P(x))->(@x(P(x))->P(x)))))->((@x(P(x))->P(x))->(!(P(x))->(@x(P(x))->P(x))))) (M.P. (16, 20))
(22) ((@x(P(x))->P(x))->(!(P(x))->(@x(P(x))->P(x)))) (Сх. акс. 1)
(23) ((!(P(x))->(@x(P(x))->P(x)))->((!(P(x))->((@x(P(x))->P(x))->((@x(P(x))->!(P(x)))->!(@x(P(x))))))->(!(P(x))->((@x(P(x))->!(P(x)))->!(@x(P(x))))))) (Сх. акс. 2)
(24) (((!(P(x))->(@x(P(x))->P(x)))->((!(P(x))->((@x(P(x))->P(x))->((@x(P(x))->!(P(x)))->!(@x(P(x))))))->(!(P(x))->((@x(P(x))->!(P(x)))->!(@x(P(x)))))))->((@x(P(x))->P(x))->((!(P(x))->(@x(P(x))->P(x)))->((!(P(x))->((@x(P(x))->P(x))->((@x(P(x))->!(P(x)))->!(@x(P(x))))))->(!(P(x))->((@x(P(x))->!(P(x)))->!(@x(P(x))))))))) (Сх. акс. 1)
(25) ((@x(P(x))->P(x))->((!(P(x))->(@x(P(x))->P(x)))->((!(P(x))->((@x(P(x))->P(x))->((@x(P(x))->!(P(x)))->!(@x(P(x))))))->(!(P(x))->((@x(P(x))->!(P(x)))->!(@x(P(x)))))))) (M.P. (23, 24))
(26) (((@x(P(x))->P(x))->(!(P(x))->(@x(P(x))->P(x))))->(((@x(P(x))->P(x))->((!(P(x))->(@x(P(x))->P(x)))->((!(P(x))->((@x(P(x))->P(x))->((@x(P(x))->!(P(x)))->!(@x(P(x))))))->(!(P(x))->((@x(P(x))->!(P(x)))->!(@x(P(x))))))))->((@x(P(x))->P(x))->((!(P(x))->((@x(P(x))->P(x))->((@x(P(x))->!(P(x)))->!(@x(P(x))))))->(!(P(x))->((@x(P(x))->!(P(x)))->!(@x(P(x))))))))) (Сх. акс. 2)
(27) (((@x(P(x))->P(x))->((!(P(x))->(@x(P(x))->P(x)))->((!(P(x))->((@x(P(x))->P(x))->((@x(P(x))->!(P(x)))->!(@x(P(x))))))->(!(P(x))->((@x(P(x))->!(P(x)))->!(@x(P(x))))))))->((@x(P(x))->P(x))->((!(P(x))->((@x(P(x))->P(x))->((@x(P(x))->!(P(x)))->!(@x(P(x))))))->(!(P(x))->((@x(P(x))->!(P(x)))->!(@x(P(x)))))))) (M.P. (22, 26))
(28) ((@x(P(x))->P(x))->((!(P(x))->((@x(P(x))->P(x))->((@x(P(x))->!(P(x)))->!(@x(P(x))))))->(!(P(x))->((@x(P(x))->!(P(x)))->!(@x(P(x))))))) (M.P. (25, 27))
(29) (((@x(P(x))->P(x))->(!(P(x))->((@x(P(x))->P(x))->((@x(P(x))->!(P(x)))->!(@x(P(x)))))))->(((@x(P(x))->P(x))->((!(P(x))->((@x(P(x))->P(x))->((@x(P(x))->!(P(x)))->!(@x(P(x))))))->(!(P(x))->((@x(P(x))->!(P(x)))->!(@x(P(x)))))))->((@x(P(x))->P(x))->(!(P(x))->((@x(P(x))->!(P(x)))->!(@x(P(x)))))))) (Сх. акс. 2)
(30) (((@x(P(x))->P(x))->((!(P(x))->((@x(P(x))->P(x))->((@x(P(x))->!(P(x)))->!(@x(P(x))))))->(!(P(x))->((@x(P(x))->!(P(x)))->!(@x(P(x)))))))->((@x(P(x))->P(x))->(!(P(x))->((@x(P(x))->!(P(x)))->!(@x(P(x))))))) (M.P. (11, 29))
(31) ((@x(P(x))->P(x))->(!(P(x))->((@x(P(x))->!(P(x)))->!(@x(P(x)))))) (M.P. (28, 30))
(32) (!(P(x))->(@x(P(x))->!(P(x)))) (Сх. акс. 1)
(33) ((!(P(x))->(@x(P(x))->!(P(x))))->((@x(P(x))->P(x))->(!(P(x))->(@x(P(x))->!(P(x)))))) (Сх. акс. 1)
(34) ((@x(P(x))->P(x))->(!(P(x))->(@x(P(x))->!(P(x))))) (M.P. (32, 33))
(35) ((!(P(x))->(@x(P(x))->!(P(x))))->(!(P(x))->(!(P(x))->(@x(P(x))->!(P(x)))))) (Сх. акс. 1)
(36) (((!(P(x))->(@x(P(x))->!(P(x))))->(!(P(x))->(!(P(x))->(@x(P(x))->!(P(x))))))->((@x(P(x))->P(x))->((!(P(x))->(@x(P(x))->!(P(x))))->(!(P(x))->(!(P(x))->(@x(P(x))->!(P(x)))))))) (Сх. акс. 1)
(37) ((@x(P(x))->P(x))->((!(P(x))->(@x(P(x))->!(P(x))))->(!(P(x))->(!(P(x))->(@x(P(x))->!(P(x))))))) (M.P. (35, 36))
(38) (((@x(P(x))->P(x))->(!(P(x))->(@x(P(x))->!(P(x)))))->(((@x(P(x))->P(x))->((!(P(x))->(@x(P(x))->!(P(x))))->(!(P(x))->(!(P(x))->(@x(P(x))->!(P(x)))))))->((@x(P(x))->P(x))->(!(P(x))->(!(P(x))->(@x(P(x))->!(P(x)))))))) (Сх. акс. 2)
(39) (((@x(P(x))->P(x))->((!(P(x))->(@x(P(x))->!(P(x))))->(!(P(x))->(!(P(x))->(@x(P(x))->!(P(x)))))))->((@x(P(x))->P(x))->(!(P(x))->(!(P(x))->(@x(P(x))->!(P(x))))))) (M.P. (34, 38))
(40) ((@x(P(x))->P(x))->(!(P(x))->(!(P(x))->(@x(P(x))->!(P(x)))))) (M.P. (37, 39))
(41) (!(P(x))->(!(P(x))->!(P(x)))) (Сх. акс. 1)
(42) ((!(P(x))->(!(P(x))->!(P(x))))->((@x(P(x))->P(x))->(!(P(x))->(!(P(x))->!(P(x)))))) (Сх. акс. 1)
(43) ((@x(P(x))->P(x))->(!(P(x))->(!(P(x))->!(P(x))))) (M.P. (41, 42))
(44) ((!(P(x))->(!(P(x))->!(P(x))))->((!(P(x))->((!(P(x))->!(P(x)))->!(P(x))))->(!(P(x))->!(P(x))))) (Сх. акс. 2)
(45) (((!(P(x))->(!(P(x))->!(P(x))))->((!(P(x))->((!(P(x))->!(P(x)))->!(P(x))))->(!(P(x))->!(P(x)))))->((@x(P(x))->P(x))->((!(P(x))->(!(P(x))->!(P(x))))->((!(P(x))->((!(P(x))->!(P(x)))->!(P(x))))->(!(P(x))->!(P(x))))))) (Сх. акс. 1)
(46) ((@x(P(x))->P(x))->((!(P(x))->(!(P(x))->!(P(x))))->((!(P(x))->((!(P(x))->!(P(x)))->!(P(x))))->(!(P(x))->!(P(x)))))) (M.P. (44, 45))
(47) (((@x(P(x))->P(x))->(!(P(x))->(!(P(x))->!(P(x)))))->(((@x(P(x))->P(x))->((!(P(x))->(!(P(x))->!(P(x))))->((!(P(x))->((!(P(x))->!(P(x)))->!(P(x))))->(!(P(x))->!(P(x))))))->((@x(P(x))->P(x))->((!(P(x))->((!(P(x))->!(P(x)))->!(P(x))))->(!(P(x))->!(P(x))))))) (Сх. акс. 2)
(48) (((@x(P(x))->P(x))->((!(P(x))->(!(P(x))->!(P(x))))->((!(P(x))->((!(P(x))->!(P(x)))->!(P(x))))->(!(P(x))->!(P(x))))))->((@x(P(x))->P(x))->((!(P(x))->((!(P(x))->!(P(x)))->!(P(x))))->(!(P(x))->!(P(x)))))) (M.P. (43, 47))
(49) ((@x(P(x))->P(x))->((!(P(x))->((!(P(x))->!(P(x)))->!(P(x))))->(!(P(x))->!(P(x))))) (M.P. (46, 48))
(50) (!(P(x))->((!(P(x))->!(P(x)))->!(P(x)))) (Сх. акс. 1)
(51) ((!(P(x))->((!(P(x))->!(P(x)))->!(P(x))))->((@x(P(x))->P(x))->(!(P(x))->((!(P(x))->!(P(x)))->!(P(x)))))) (Сх. акс. 1)
(52) ((@x(P(x))->P(x))->(!(P(x))->((!(P(x))->!(P(x)))->!(P(x))))) (M.P. (50, 51))
(53) (((@x(P(x))->P(x))->(!(P(x))->((!(P(x))->!(P(x)))->!(P(x)))))->(((@x(P(x))->P(x))->((!(P(x))->((!(P(x))->!(P(x)))->!(P(x))))->(!(P(x))->!(P(x)))))->((@x(P(x))->P(x))->(!(P(x))->!(P(x)))))) (Сх. акс. 2)
(54) (((@x(P(x))->P(x))->((!(P(x))->((!(P(x))->!(P(x)))->!(P(x))))->(!(P(x))->!(P(x)))))->((@x(P(x))->P(x))->(!(P(x))->!(P(x))))) (M.P. (52, 53))
(55) ((@x(P(x))->P(x))->(!(P(x))->!(P(x)))) (M.P. (49, 54))
(56) ((!(P(x))->!(P(x)))->((!(P(x))->(!(P(x))->(@x(P(x))->!(P(x)))))->(!(P(x))->(@x(P(x))->!(P(x)))))) (Сх. акс. 2)
(57) (((!(P(x))->!(P(x)))->((!(P(x))->(!(P(x))->(@x(P(x))->!(P(x)))))->(!(P(x))->(@x(P(x))->!(P(x))))))->((@x(P(x))->P(x))->((!(P(x))->!(P(x)))->((!(P(x))->(!(P(x))->(@x(P(x))->!(P(x)))))->(!(P(x))->(@x(P(x))->!(P(x)))))))) (Сх. акс. 1)
(58) ((@x(P(x))->P(x))->((!(P(x))->!(P(x)))->((!(P(x))->(!(P(x))->(@x(P(x))->!(P(x)))))->(!(P(x))->(@x(P(x))->!(P(x))))))) (M.P. (56, 57))
(59) (((@x(P(x))->P(x))->(!(P(x))->!(P(x))))->(((@x(P(x))->P(x))->((!(P(x))->!(P(x)))->((!(P(x))->(!(P(x))->(@x(P(x))->!(P(x)))))->(!(P(x))->(@x(P(x))->!(P(x)))))))->((@x(P(x))->P(x))->((!(P(x))->(!(P(x))->(@x(P(x))->!(P(x)))))->(!(P(x))->(@x(P(x))->!(P(x)))))))) (Сх. акс. 2)
(60) (((@x(P(x))->P(x))->((!(P(x))->!(P(x)))->((!(P(x))->(!(P(x))->(@x(P(x))->!(P(x)))))->(!(P(x))->(@x(P(x))->!(P(x)))))))->((@x(P(x))->P(x))->((!(P(x))->(!(P(x))->(@x(P(x))->!(P(x)))))->(!(P(x))->(@x(P(x))->!(P(x))))))) (M.P. (55, 59))
(61) ((@x(P(x))->P(x))->((!(P(x))->(!(P(x))->(@x(P(x))->!(P(x)))))->(!(P(x))->(@x(P(x))->!(P(x)))))) (M.P. (58, 60))
(62) (!(P(x))->(@x(P(x))->!(P(x)))) (Сх. акс. 1)
(63) ((!(P(x))->(@x(P(x))->!(P(x))))->((@x(P(x))->P(x))->(!(P(x))->(@x(P(x))->!(P(x)))))) (Сх. акс. 1)
(64) ((@x(P(x))->P(x))->(!(P(x))->(@x(P(x))->!(P(x))))) (M.P. (62, 63))
(65) ((!(P(x))->(@x(P(x))->!(P(x))))->((!(P(x))->((@x(P(x))->!(P(x)))->!(@x(P(x)))))->(!(P(x))->!(@x(P(x)))))) (Сх. акс. 2)
(66) (((!(P(x))->(@x(P(x))->!(P(x))))->((!(P(x))->((@x(P(x))->!(P(x)))->!(@x(P(x)))))->(!(P(x))->!(@x(P(x))))))->((@x(P(x))->P(x))->((!(P(x))->(@x(P(x))->!(P(x))))->((!(P(x))->((@x(P(x))->!(P(x)))->!(@x(P(x)))))->(!(P(x))->!(@x(P(x)))))))) (Сх. акс. 1)
(67) ((@x(P(x))->P(x))->((!(P(x))->(@x(P(x))->!(P(x))))->((!(P(x))->((@x(P(x))->!(P(x)))->!(@x(P(x)))))->(!(P(x))->!(@x(P(x))))))) (M.P. (65, 66))
(68) (((@x(P(x))->P(x))->(!(P(x))->(@x(P(x))->!(P(x)))))->(((@x(P(x))->P(x))->((!(P(x))->(@x(P(x))->!(P(x))))->((!(P(x))->((@x(P(x))->!(P(x)))->!(@x(P(x)))))->(!(P(x))->!(@x(P(x)))))))->((@x(P(x))->P(x))->((!(P(x))->((@x(P(x))->!(P(x)))->!(@x(P(x)))))->(!(P(x))->!(@x(P(x)))))))) (Сх. акс. 2)
(69) (((@x(P(x))->P(x))->((!(P(x))->(@x(P(x))->!(P(x))))->((!(P(x))->((@x(P(x))->!(P(x)))->!(@x(P(x)))))->(!(P(x))->!(@x(P(x)))))))->((@x(P(x))->P(x))->((!(P(x))->((@x(P(x))->!(P(x)))->!(@x(P(x)))))->(!(P(x))->!(@x(P(x))))))) (M.P. (64, 68))
(70) ((@x(P(x))->P(x))->((!(P(x))->((@x(P(x))->!(P(x)))->!(@x(P(x)))))->(!(P(x))->!(@x(P(x)))))) (M.P. (67, 69))
(71) (((@x(P(x))->P(x))->(!(P(x))->((@x(P(x))->!(P(x)))->!(@x(P(x))))))->(((@x(P(x))->P(x))->((!(P(x))->((@x(P(x))->!(P(x)))->!(@x(P(x)))))->(!(P(x))->!(@x(P(x))))))->((@x(P(x))->P(x))->(!(P(x))->!(@x(P(x))))))) (Сх. акс. 2)
(72) (((@x(P(x))->P(x))->((!(P(x))->((@x(P(x))->!(P(x)))->!(@x(P(x)))))->(!(P(x))->!(@x(P(x))))))->((@x(P(x))->P(x))->(!(P(x))->!(@x(P(x)))))) (M.P. (31, 71))
(73) ((@x(P(x))->P(x))->(!(P(x))->!(@x(P(x))))) (M.P. (70, 72))
(74) (!(P(x))->!(@x(P(x)))) (M.P. (1, 2))
(75) (?x(!(P(x)))->!(@x(P(x)))) (Правило вывода для квантора существования 74)
(76) ?x(!(P(x))) (Предположение номер 1)
(77) !(@x(P(x))) (M.P. (76, 75))
