Доказательство не верно начиная со строки 2
(1) (@x(P(x))->P(x)) (Сх. акс. 11)
(2) (@x(P(x))->@x(P(x))) (В строке 2 используется правило вывода по переменной x входящей свободно в предположение (@x(P(x))&Q(x)))
