Доказательство не верно начиная со строки 1
(1) (@y(@x(P(x,y)))->@x(P(x,y + y * y + g(f(x) + y * y) * y))) (В строке 1 терм y + y * y + g(f(x) + y * y) * y не свободен для подстановки вместо терма y формулу @x(P(x,y)))
(2) W (Предположение номер 1)
