Доказательство не верно начиная со строки 1
(1) (@b(?b(P(f(b,b))))->?b(P(f(a,b)))) (В строке 1 Выражение не может быть выведено)
