Доказательство не верно начиная со строки 6
(1) ((Q(x)&@x(P(x)))->((Q(x)&@x(P(x)))->(Q(x)&@x(P(x))))) (Сх. акс. 1)
(2) ((Q(x)&@x(P(x)))->(((Q(x)&@x(P(x)))->(Q(x)&@x(P(x))))->(Q(x)&@x(P(x))))) (Сх. акс. 1)
(3) (((Q(x)&@x(P(x)))->((Q(x)&@x(P(x)))->(Q(x)&@x(P(x)))))->(((Q(x)&@x(P(x)))->(((Q(x)&@x(P(x)))->(Q(x)&@x(P(x))))->(Q(x)&@x(P(x)))))->((Q(x)&@x(P(x)))->(Q(x)&@x(P(x)))))) (Сх. акс. 2)
(4) (((Q(x)&@x(P(x)))->(((Q(x)&@x(P(x)))->(Q(x)&@x(P(x))))->(Q(x)&@x(P(x)))))->((Q(x)&@x(P(x)))->(Q(x)&@x(P(x))))) (M.P. (1, 3))
(5) ((Q(x)&@x(P(x)))->(Q(x)&@x(P(x)))) (M.P. (2, 4))
(6) ((Q(x)&@x(P(x)))->@x((Q(x)&@x(P(x))))) (В строке 6 переменная x входит свободно в формулу (Q(x)&@x(P(x))))
(7) W (Предположение номер 1)
