Доказательство не верно начиная со строки 4
(1) Q(x) (Предположение номер 1)
(2) (Q(x)->((0 = 0->(0 = 0->0 = 0))->Q(x))) (Сх. акс. 1)
(3) ((0 = 0->(0 = 0->0 = 0))->Q(x)) (M.P. (1, 2))
(4) ((0 = 0->(0 = 0->0 = 0))->@x(Q(x))) (В строке 4 используется правило вывода по переменной x входящей свободно в предположение Q(x))
(5) (0 = 0->(0 = 0->0 = 0)) (Сх. акс. 1)
(6) @x(Q(x)) (M.P. (5, 4))
