Доказательство не верно начиная со строки 2
(1) (@t(P(f(y)))->?x(@t(P(x)))) (Сх. акс. 12)
(2) (@t(P(f(y)))->@y(?x(@t(P(x))))) (В строке 2 переменная y входит свободно в формулу @t(P(f(y))))
(3) (@y(P(f(y)))->?x(@y(P(x)))) (Сх. акс. 12)
