Доказательство не верно начиная со строки 5
(1) P(a) (Предположение номер 1)
(2) (A->(A->A)) (Сх. акс. 1)
(3) (P(a)->((A->(A->A))->P(a))) (Сх. акс. 1)
(4) ((A->(A->A))->P(a)) (M.P. (1, 3))
(5) ((A->(A->A))->@a(P(a))) (В строке 5 используется правило вывода по переменной a входящей свободно в предположение P(a))
(6) @a(P(a)) (M.P. (2, 5))
