Доказательство не верно начиная со строки 6
(1) ((@x(P(x))&Q(x))->((@x(P(x))&Q(x))->(@x(P(x))&Q(x)))) (Сх. акс. 1)
(2) ((@x(P(x))&Q(x))->(((@x(P(x))&Q(x))->(@x(P(x))&Q(x)))->(@x(P(x))&Q(x)))) (Сх. акс. 1)
(3) (((@x(P(x))&Q(x))->((@x(P(x))&Q(x))->(@x(P(x))&Q(x))))->(((@x(P(x))&Q(x))->(((@x(P(x))&Q(x))->(@x(P(x))&Q(x)))->(@x(P(x))&Q(x))))->((@x(P(x))&Q(x))->(@x(P(x))&Q(x))))) (Сх. акс. 2)
(4) (((@x(P(x))&Q(x))->(((@x(P(x))&Q(x))->(@x(P(x))&Q(x)))->(@x(P(x))&Q(x))))->((@x(P(x))&Q(x))->(@x(P(x))&Q(x)))) (M.P. (1, 3))
(5) ((@x(P(x))&Q(x))->(@x(P(x))&Q(x))) (M.P. (2, 4))
(6) ((@x(P(x))&Q(x))->@x((@x(P(x))&Q(x)))) (В строке 6 переменная x входит свободно в формулу (@x(P(x))&Q(x)))
(7) W (Предположение номер 1)
