Доказательство не верно начиная со строки 15
В строке 15 Выражение не может быть выведено
