Доказательство не верно начиная со строки 6
В строке 6 Выражение не может быть выведено
