Доказательство не верно начиная со строки 1
В строке 1 Выражение не может быть выведено
