Доказательство не верно начиная со строки 3
В строке 3 Выражение не может быть выведено
