Доказательство не верно начиная со строки 16
В строке 16 Выражение не может быть выведено
